<html>
<body>
<pre>
<h1>µVision Build Log</h1>
<h2>Tool Versions:</h2>
IDE-Version: ¦ÌVision V5.14.0.0
Copyright (C) 2015 ARM Ltd and ARM Germany GmbH. All rights reserved.
License Information: 1 Microsoft, Microsoft, LIC=Q7GFW-QS77T-GNRA5-GGS5X-T85HK-FRFB2
 
Tool Versions:
Toolchain:       MDK-ARM Professional  Version: 5.14.0.0
Toolchain Path:  C:\Keil_v5\ARM\ARMCC\Bin
C Compiler:      Armcc.exe V5.05 update 1 (build 106)
Assembler:       Armasm.exe V5.05 update 1 (build 106)
Linker/Locator:  ArmLink.exe V5.05 update 1 (build 106)
Library Manager: ArmAr.exe V5.05 update 1 (build 106)
Hex Converter:   FromElf.exe V5.05 update 1 (build 106)
CPU DLL:         SARMCM3.DLL V5.14.0.0
Dialog DLL:      DCM.DLL V1.13.1.0
Target DLL:      UL2CM3.DLL V1.155.0.0
Dialog DLL:      TCM.DLL V1.14.4.0
 
<h2>Project:</h2>
E:\STM32\EX\project-again\Template\USER\WATERMONITOR.uvprojx
Project File Date:  05/14/2019

<h2>Output:</h2>
Build target 'Template'
compiling task_uart.c...
..\TASK\task_uart.h(10): warning:  #1-D: last line of file ends without a newline
  #endif
..\TASK\task_uart.c(9): warning:  #177-D: variable "NVIC_InitStructure" was declared but never referenced
        NVIC_InitTypeDef NVIC_InitStructure;
..\TASK\task_uart.c: 2 warnings, 0 errors
linking...
Program Size: Code=4400 RO-data=592 RW-data=104 ZI-data=6456  
FromELF: creating hex file...
"..\OBJ\WATERMONITOR.axf" - 0 Error(s), 2 Warning(s).

<h2>Collection of Component include folders:</h2>
  E:\STM32\EX\project-again\Template\USER\RTE
  C:\Keil_v5\ARM\PACK\Keil\STM32F1xx_DFP\1.0.5\Device\Include

<h2>Collection of Component Files used:</h2>
</pre>
</body>
</html>
